// Jest Snapshot v1, https://goo.gl/fbAQLP

exports[`stack matches snapshot 1`] = `
Object {
  "Parameters": Object {
    "BootstrapVersion": Object {
      "Default": "/cdk-bootstrap/hnb659fds/version",
      "Description": "Version of the CDK Bootstrap resources in this environment, automatically retrieved from SSM Parameter Store. [cdk:skip]",
      "Type": "AWS::SSM::Parameter::Value<String>",
    },
  },
  "Resources": Object {
    "DynamoTableB2B22E15": Object {
      "DeletionPolicy": "Retain",
      "Properties": Object {
        "AttributeDefinitions": Array [
          Object {
            "AttributeName": "pk",
            "AttributeType": "S",
          },
          Object {
            "AttributeName": "sk",
            "AttributeType": "S",
          },
        ],
        "BillingMode": "PAY_PER_REQUEST",
        "KeySchema": Array [
          Object {
            "AttributeName": "pk",
            "KeyType": "HASH",
          },
          Object {
            "AttributeName": "sk",
            "KeyType": "RANGE",
          },
        ],
        "TableName": "comment-vibe",
      },
      "Type": "AWS::DynamoDB::Table",
      "UpdateReplacePolicy": "Retain",
    },
    "LambdaD247545B": Object {
      "DependsOn": Array [
        "LambdaServiceRoleDefaultPolicyDAE46E21",
        "LambdaServiceRoleA8ED4D3B",
      ],
      "Properties": Object {
        "Code": Object {
          "ImageUri": Object {
            "Fn::Sub": "\${AWS::AccountId}.dkr.ecr.\${AWS::Region}.\${AWS::URLSuffix}/cdk-hnb659fds-container-assets-\${AWS::AccountId}-\${AWS::Region}:88de48595de1f8f50f7e69e4360a279dc0b9d0d1c661076c83c7e8184755a0f5",
          },
        },
        "PackageType": "Image",
        "Role": Object {
          "Fn::GetAtt": Array [
            "LambdaServiceRoleA8ED4D3B",
            "Arn",
          ],
        },
      },
      "Type": "AWS::Lambda::Function",
    },
    "LambdaServiceRoleA8ED4D3B": Object {
      "Properties": Object {
        "AssumeRolePolicyDocument": Object {
          "Statement": Array [
            Object {
              "Action": "sts:AssumeRole",
              "Effect": "Allow",
              "Principal": Object {
                "Service": "lambda.amazonaws.com",
              },
            },
          ],
          "Version": "2012-10-17",
        },
        "ManagedPolicyArns": Array [
          Object {
            "Fn::Join": Array [
              "",
              Array [
                "arn:",
                Object {
                  "Ref": "AWS::Partition",
                },
                ":iam::aws:policy/service-role/AWSLambdaBasicExecutionRole",
              ],
            ],
          },
        ],
      },
      "Type": "AWS::IAM::Role",
    },
    "LambdaServiceRoleDefaultPolicyDAE46E21": Object {
      "Properties": Object {
        "PolicyDocument": Object {
          "Statement": Array [
            Object {
              "Action": Array [
                "dynamodb:BatchGetItem",
                "dynamodb:GetRecords",
                "dynamodb:GetShardIterator",
                "dynamodb:Query",
                "dynamodb:GetItem",
                "dynamodb:Scan",
                "dynamodb:ConditionCheckItem",
                "dynamodb:BatchWriteItem",
                "dynamodb:PutItem",
                "dynamodb:UpdateItem",
                "dynamodb:DeleteItem",
                "dynamodb:DescribeTable",
              ],
              "Effect": "Allow",
              "Resource": Array [
                Object {
                  "Fn::GetAtt": Array [
                    "DynamoTableB2B22E15",
                    "Arn",
                  ],
                },
                Object {
                  "Ref": "AWS::NoValue",
                },
              ],
            },
          ],
          "Version": "2012-10-17",
        },
        "PolicyName": "LambdaServiceRoleDefaultPolicyDAE46E21",
        "Roles": Array [
          Object {
            "Ref": "LambdaServiceRoleA8ED4D3B",
          },
        ],
      },
      "Type": "AWS::IAM::Policy",
    },
  },
  "Rules": Object {
    "CheckBootstrapVersion": Object {
      "Assertions": Array [
        Object {
          "Assert": Object {
            "Fn::Not": Array [
              Object {
                "Fn::Contains": Array [
                  Array [
                    "1",
                    "2",
                    "3",
                    "4",
                    "5",
                  ],
                  Object {
                    "Ref": "BootstrapVersion",
                  },
                ],
              },
            ],
          },
          "AssertDescription": "CDK bootstrap stack version 6 required. Please run 'cdk bootstrap' with a recent version of the CDK CLI.",
        },
      ],
    },
  },
}
`;
